  Identification des projets ├á restaurer...
  Tous les projets sont ├á jour pour la restauration.
C:\Program Files\dotnet\sdk\10.0.200-preview.0.26103.119\Sdks\Microsoft.NET.Sdk\targets\Microsoft.NET.RuntimeIdentifierInference.targets(383,5): message NETSDK1057: vous utilisez une version d'aper├ºu de .NET. Voir┬á: https://aka.ms/dotnet-support-policy [C:\Users\Libert\Documents\Visual Studio 18\Projets\GPOE26\GPOE26.ServiceDefaults\GPOE26.ServiceDefaults.csproj]
C:\Program Files\dotnet\sdk\10.0.200-preview.0.26103.119\Sdks\Microsoft.NET.Sdk\targets\Microsoft.NET.RuntimeIdentifierInference.targets(383,5): message NETSDK1057: vous utilisez une version d'aper├ºu de .NET. Voir┬á: https://aka.ms/dotnet-support-policy [C:\Users\Libert\Documents\Visual Studio 18\Projets\GPOE26\GPOE26.AppHost\GPOE26.AppHost.csproj]
C:\Program Files\dotnet\sdk\10.0.200-preview.0.26103.119\Sdks\Microsoft.NET.Sdk\targets\Microsoft.NET.RuntimeIdentifierInference.targets(383,5): message NETSDK1057: vous utilisez une version d'aper├ºu de .NET. Voir┬á: https://aka.ms/dotnet-support-policy [C:\Users\Libert\Documents\Visual Studio 18\Projets\GPOE26\Cours\Cours.csproj]
C:\Program Files\dotnet\sdk\10.0.200-preview.0.26103.119\Sdks\Microsoft.NET.Sdk\targets\Microsoft.NET.RuntimeIdentifierInference.targets(383,5): message NETSDK1057: vous utilisez une version d'aper├ºu de .NET. Voir┬á: https://aka.ms/dotnet-support-policy [C:\Users\Libert\Documents\Visual Studio 18\Projets\GPOE26\GPOE26.ApiService\GPOE26.ApiService.csproj]
C:\Program Files\dotnet\sdk\10.0.200-preview.0.26103.119\Sdks\Microsoft.NET.Sdk\targets\Microsoft.NET.RuntimeIdentifierInference.targets(383,5): message NETSDK1057: vous utilisez une version d'aper├ºu de .NET. Voir┬á: https://aka.ms/dotnet-support-policy [C:\Users\Libert\Documents\Visual Studio 18\Projets\GPOE26\Quiz\Quiz.csproj]
  GPOE26.ServiceDefaults -> C:\Users\Libert\Documents\Visual Studio 18\Projets\GPOE26\GPOE26.ServiceDefaults\bin\Debug\net10.0\GPOE26.ServiceDefaults.dll
C:\Program Files\dotnet\sdk\10.0.200-preview.0.26103.119\Sdks\Microsoft.NET.Sdk\targets\Microsoft.NET.RuntimeIdentifierInference.targets(383,5): message NETSDK1057: vous utilisez une version d'aper├ºu de .NET. Voir┬á: https://aka.ms/dotnet-support-policy [C:\Users\Libert\Documents\Visual Studio 18\Projets\GPOE26\GPOE26.Web\GPOE26.Web.csproj]
C:\Program Files\dotnet\sdk\10.0.200-preview.0.26103.119\Sdks\Microsoft.NET.Sdk\targets\Microsoft.NET.RuntimeIdentifierInference.targets(383,5): message NETSDK1057: vous utilisez une version d'aper├ºu de .NET. Voir┬á: https://aka.ms/dotnet-support-policy [C:\Users\Libert\Documents\Visual Studio 18\Projets\GPOE26\GPOE26.Tests\GPOE26.Tests.csproj]
  GPOE26.ApiService -> C:\Users\Libert\Documents\Visual Studio 18\Projets\GPOE26\GPOE26.ApiService\bin\Debug\net10.0\GPOE26.ApiService.dll
C:\Program Files\dotnet\sdk\10.0.200-preview.0.26103.119\Microsoft.Common.CurrentVersion.targets(5395,5): warning MSB3026: Impossible de copier "C:\Users\Libert\Documents\Visual Studio 18\Projets\GPOE26\Quiz\obj\Debug\net10.0\apphost.exe" vers "bin\Debug\net10.0\Quiz.exe". Nouvelle tentative de l'op├®ration 1 dans 1000┬áms. The process cannot access the file 'C:\Users\Libert\Documents\Visual Studio 18\Projets\GPOE26\Quiz\bin\Debug\net10.0\Quiz.exe' because it is being used by another process. Le fichier est verrouill├® par┬á: "Quiz (1164)" [C:\Users\Libert\Documents\Visual Studio 18\Projets\GPOE26\Quiz\Quiz.csproj]
C:\Program Files\dotnet\sdk\10.0.200-preview.0.26103.119\Sdks\Microsoft.NET.Sdk\targets\Microsoft.NET.RuntimeIdentifierInference.targets(383,5): message NETSDK1057: vous utilisez une version d'aper├ºu de .NET. Voir┬á: https://aka.ms/dotnet-support-policy [C:\Users\Libert\Documents\Visual Studio 18\Projets\GPOE26\Chat\Chat.csproj]
C:\Program Files\dotnet\sdk\10.0.200-preview.0.26103.119\Microsoft.Common.CurrentVersion.targets(5395,5): warning MSB3026: Impossible de copier "C:\Users\Libert\Documents\Visual Studio 18\Projets\GPOE26\Quiz\obj\Debug\net10.0\apphost.exe" vers "bin\Debug\net10.0\Quiz.exe". Nouvelle tentative de l'op├®ration 2 dans 1000┬áms. The process cannot access the file 'C:\Users\Libert\Documents\Visual Studio 18\Projets\GPOE26\Quiz\bin\Debug\net10.0\Quiz.exe' because it is being used by another process. Le fichier est verrouill├® par┬á: "Quiz (1164)" [C:\Users\Libert\Documents\Visual Studio 18\Projets\GPOE26\Quiz\Quiz.csproj]
C:\Program Files\dotnet\sdk\10.0.200-preview.0.26103.119\Microsoft.Common.CurrentVersion.targets(5395,5): warning MSB3026: Impossible de copier "C:\Users\Libert\Documents\Visual Studio 18\Projets\GPOE26\Quiz\obj\Debug\net10.0\apphost.exe" vers "bin\Debug\net10.0\Quiz.exe". Nouvelle tentative de l'op├®ration 3 dans 1000┬áms. The process cannot access the file 'C:\Users\Libert\Documents\Visual Studio 18\Projets\GPOE26\Quiz\bin\Debug\net10.0\Quiz.exe' because it is being used by another process. Le fichier est verrouill├® par┬á: "Quiz (1164)" [C:\Users\Libert\Documents\Visual Studio 18\Projets\GPOE26\Quiz\Quiz.csproj]
  User -> C:\Users\Libert\Documents\Visual Studio 18\Projets\GPOE26\User\bin\Debug\net10.0\User.dll
  Cours -> C:\Users\Libert\Documents\Visual Studio 18\Projets\GPOE26\Cours\bin\Debug\net10.0\Cours.dll
C:\Users\Libert\Documents\Visual Studio 18\Projets\GPOE26\Chat\Program.cs(14,28): error CS0246: Le nom de type ou d'espace de noms 'HttpStandardResilienceOptions' est introuvable (vous manque-t-il une directive using ou une r├®f├®rence d'assembly┬á?) [C:\Users\Libert\Documents\Visual Studio 18\Projets\GPOE26\Chat\Chat.csproj]
C:\Program Files\dotnet\sdk\10.0.200-preview.0.26103.119\Microsoft.Common.CurrentVersion.targets(5395,5): warning MSB3026: Impossible de copier "C:\Users\Libert\Documents\Visual Studio 18\Projets\GPOE26\Quiz\obj\Debug\net10.0\apphost.exe" vers "bin\Debug\net10.0\Quiz.exe". Nouvelle tentative de l'op├®ration 4 dans 1000┬áms. The process cannot access the file 'C:\Users\Libert\Documents\Visual Studio 18\Projets\GPOE26\Quiz\bin\Debug\net10.0\Quiz.exe' because it is being used by another process. Le fichier est verrouill├® par┬á: "Quiz (1164)" [C:\Users\Libert\Documents\Visual Studio 18\Projets\GPOE26\Quiz\Quiz.csproj]
C:\Program Files\dotnet\sdk\10.0.200-preview.0.26103.119\Microsoft.Common.CurrentVersion.targets(5094,5): warning MSB3026: Impossible de copier "C:\Users\Libert\.nuget\packages\microsoft.extensions.diagnostics.exceptionsummarization\10.4.0\lib\net10.0\Microsoft.Extensions.Diagnostics.ExceptionSummarization.dll" vers "bin\Debug\net10.0\Microsoft.Extensions.Diagnostics.ExceptionSummarization.dll". Nouvelle tentative de l'op├®ration 1 dans 1000┬áms. The process cannot access the file 'C:\Users\Libert\Documents\Visual Studio 18\Projets\GPOE26\GPOE26.Web\bin\Debug\net10.0\Microsoft.Extensions.Diagnostics.ExceptionSummarization.dll' because it is being used by another process. Le fichier est verrouill├® par┬á: "GPOE26.Web (37064)" [C:\Users\Libert\Documents\Visual Studio 18\Projets\GPOE26\GPOE26.Web\GPOE26.Web.csproj]
C:\Program Files\dotnet\sdk\10.0.200-preview.0.26103.119\Microsoft.Common.CurrentVersion.targets(5094,5): warning MSB3026: Impossible de copier "C:\Users\Libert\.nuget\packages\microsoft.extensions.telemetry.abstractions\10.4.0\lib\net10.0\Microsoft.Extensions.Telemetry.Abstractions.dll" vers "bin\Debug\net10.0\Microsoft.Extensions.Telemetry.Abstractions.dll". Nouvelle tentative de l'op├®ration 1 dans 1000┬áms. The process cannot access the file 'C:\Users\Libert\Documents\Visual Studio 18\Projets\GPOE26\GPOE26.Web\bin\Debug\net10.0\Microsoft.Extensions.Telemetry.Abstractions.dll' because it is being used by another process. Le fichier est verrouill├® par┬á: "GPOE26.Web (37064)" [C:\Users\Libert\Documents\Visual Studio 18\Projets\GPOE26\GPOE26.Web\GPOE26.Web.csproj]
C:\Program Files\dotnet\sdk\10.0.200-preview.0.26103.119\Microsoft.Common.CurrentVersion.targets(5094,5): warning MSB3026: Impossible de copier "C:\Users\Libert\.nuget\packages\microsoft.extensions.http.resilience\10.4.0\lib\net10.0\Microsoft.Extensions.Http.Resilience.dll" vers "bin\Debug\net10.0\Microsoft.Extensions.Http.Resilience.dll". Nouvelle tentative de l'op├®ration 1 dans 1000┬áms. The process cannot access the file 'C:\Users\Libert\Documents\Visual Studio 18\Projets\GPOE26\GPOE26.Web\bin\Debug\net10.0\Microsoft.Extensions.Http.Resilience.dll' because it is being used by another process. Le fichier est verrouill├® par┬á: "GPOE26.Web (37064)" [C:\Users\Libert\Documents\Visual Studio 18\Projets\GPOE26\GPOE26.Web\GPOE26.Web.csproj]
C:\Program Files\dotnet\sdk\10.0.200-preview.0.26103.119\Microsoft.Common.CurrentVersion.targets(5094,5): warning MSB3026: Impossible de copier "C:\Users\Libert\.nuget\packages\microsoft.extensions.telemetry\10.4.0\lib\net10.0\Microsoft.Extensions.Telemetry.dll" vers "bin\Debug\net10.0\Microsoft.Extensions.Telemetry.dll". Nouvelle tentative de l'op├®ration 1 dans 1000┬áms. The process cannot access the file 'C:\Users\Libert\Documents\Visual Studio 18\Projets\GPOE26\GPOE26.Web\bin\Debug\net10.0\Microsoft.Extensions.Telemetry.dll' because it is being used by another process. Le fichier est verrouill├® par┬á: "GPOE26.Web (37064)" [C:\Users\Libert\Documents\Visual Studio 18\Projets\GPOE26\GPOE26.Web\GPOE26.Web.csproj]
C:\Program Files\dotnet\sdk\10.0.200-preview.0.26103.119\Microsoft.Common.CurrentVersion.targets(5094,5): warning MSB3026: Impossible de copier "C:\Users\Libert\.nuget\packages\microsoft.extensions.http.diagnostics\10.4.0\lib\net10.0\Microsoft.Extensions.Http.Diagnostics.dll" vers "bin\Debug\net10.0\Microsoft.Extensions.Http.Diagnostics.dll". Nouvelle tentative de l'op├®ration 1 dans 1000┬áms. The process cannot access the file 'C:\Users\Libert\Documents\Visual Studio 18\Projets\GPOE26\GPOE26.Web\bin\Debug\net10.0\Microsoft.Extensions.Http.Diagnostics.dll' because it is being used by another process. Le fichier est verrouill├® par┬á: "GPOE26.Web (37064)" [C:\Users\Libert\Documents\Visual Studio 18\Projets\GPOE26\GPOE26.Web\GPOE26.Web.csproj]
  Quiz -> C:\Users\Libert\Documents\Visual Studio 18\Projets\GPOE26\Quiz\bin\Debug\net10.0\Quiz.dll
  GPOE26.Web -> C:\Users\Libert\Documents\Visual Studio 18\Projets\GPOE26\GPOE26.Web\bin\Debug\net10.0\GPOE26.Web.dll

├ëCHEC de la build.

C:\Program Files\dotnet\sdk\10.0.200-preview.0.26103.119\Microsoft.Common.CurrentVersion.targets(5395,5): warning MSB3026: Impossible de copier "C:\Users\Libert\Documents\Visual Studio 18\Projets\GPOE26\Quiz\obj\Debug\net10.0\apphost.exe" vers "bin\Debug\net10.0\Quiz.exe". Nouvelle tentative de l'op├®ration 1 dans 1000┬áms. The process cannot access the file 'C:\Users\Libert\Documents\Visual Studio 18\Projets\GPOE26\Quiz\bin\Debug\net10.0\Quiz.exe' because it is being used by another process. Le fichier est verrouill├® par┬á: "Quiz (1164)" [C:\Users\Libert\Documents\Visual Studio 18\Projets\GPOE26\Quiz\Quiz.csproj]
C:\Program Files\dotnet\sdk\10.0.200-preview.0.26103.119\Microsoft.Common.CurrentVersion.targets(5395,5): warning MSB3026: Impossible de copier "C:\Users\Libert\Documents\Visual Studio 18\Projets\GPOE26\Quiz\obj\Debug\net10.0\apphost.exe" vers "bin\Debug\net10.0\Quiz.exe". Nouvelle tentative de l'op├®ration 2 dans 1000┬áms. The process cannot access the file 'C:\Users\Libert\Documents\Visual Studio 18\Projets\GPOE26\Quiz\bin\Debug\net10.0\Quiz.exe' because it is being used by another process. Le fichier est verrouill├® par┬á: "Quiz (1164)" [C:\Users\Libert\Documents\Visual Studio 18\Projets\GPOE26\Quiz\Quiz.csproj]
C:\Program Files\dotnet\sdk\10.0.200-preview.0.26103.119\Microsoft.Common.CurrentVersion.targets(5395,5): warning MSB3026: Impossible de copier "C:\Users\Libert\Documents\Visual Studio 18\Projets\GPOE26\Quiz\obj\Debug\net10.0\apphost.exe" vers "bin\Debug\net10.0\Quiz.exe". Nouvelle tentative de l'op├®ration 3 dans 1000┬áms. The process cannot access the file 'C:\Users\Libert\Documents\Visual Studio 18\Projets\GPOE26\Quiz\bin\Debug\net10.0\Quiz.exe' because it is being used by another process. Le fichier est verrouill├® par┬á: "Quiz (1164)" [C:\Users\Libert\Documents\Visual Studio 18\Projets\GPOE26\Quiz\Quiz.csproj]
C:\Program Files\dotnet\sdk\10.0.200-preview.0.26103.119\Microsoft.Common.CurrentVersion.targets(5395,5): warning MSB3026: Impossible de copier "C:\Users\Libert\Documents\Visual Studio 18\Projets\GPOE26\Quiz\obj\Debug\net10.0\apphost.exe" vers "bin\Debug\net10.0\Quiz.exe". Nouvelle tentative de l'op├®ration 4 dans 1000┬áms. The process cannot access the file 'C:\Users\Libert\Documents\Visual Studio 18\Projets\GPOE26\Quiz\bin\Debug\net10.0\Quiz.exe' because it is being used by another process. Le fichier est verrouill├® par┬á: "Quiz (1164)" [C:\Users\Libert\Documents\Visual Studio 18\Projets\GPOE26\Quiz\Quiz.csproj]
C:\Program Files\dotnet\sdk\10.0.200-preview.0.26103.119\Microsoft.Common.CurrentVersion.targets(5094,5): warning MSB3026: Impossible de copier "C:\Users\Libert\.nuget\packages\microsoft.extensions.diagnostics.exceptionsummarization\10.4.0\lib\net10.0\Microsoft.Extensions.Diagnostics.ExceptionSummarization.dll" vers "bin\Debug\net10.0\Microsoft.Extensions.Diagnostics.ExceptionSummarization.dll". Nouvelle tentative de l'op├®ration 1 dans 1000┬áms. The process cannot access the file 'C:\Users\Libert\Documents\Visual Studio 18\Projets\GPOE26\GPOE26.Web\bin\Debug\net10.0\Microsoft.Extensions.Diagnostics.ExceptionSummarization.dll' because it is being used by another process. Le fichier est verrouill├® par┬á: "GPOE26.Web (37064)" [C:\Users\Libert\Documents\Visual Studio 18\Projets\GPOE26\GPOE26.Web\GPOE26.Web.csproj]
C:\Program Files\dotnet\sdk\10.0.200-preview.0.26103.119\Microsoft.Common.CurrentVersion.targets(5094,5): warning MSB3026: Impossible de copier "C:\Users\Libert\.nuget\packages\microsoft.extensions.telemetry.abstractions\10.4.0\lib\net10.0\Microsoft.Extensions.Telemetry.Abstractions.dll" vers "bin\Debug\net10.0\Microsoft.Extensions.Telemetry.Abstractions.dll". Nouvelle tentative de l'op├®ration 1 dans 1000┬áms. The process cannot access the file 'C:\Users\Libert\Documents\Visual Studio 18\Projets\GPOE26\GPOE26.Web\bin\Debug\net10.0\Microsoft.Extensions.Telemetry.Abstractions.dll' because it is being used by another process. Le fichier est verrouill├® par┬á: "GPOE26.Web (37064)" [C:\Users\Libert\Documents\Visual Studio 18\Projets\GPOE26\GPOE26.Web\GPOE26.Web.csproj]
C:\Program Files\dotnet\sdk\10.0.200-preview.0.26103.119\Microsoft.Common.CurrentVersion.targets(5094,5): warning MSB3026: Impossible de copier "C:\Users\Libert\.nuget\packages\microsoft.extensions.http.resilience\10.4.0\lib\net10.0\Microsoft.Extensions.Http.Resilience.dll" vers "bin\Debug\net10.0\Microsoft.Extensions.Http.Resilience.dll". Nouvelle tentative de l'op├®ration 1 dans 1000┬áms. The process cannot access the file 'C:\Users\Libert\Documents\Visual Studio 18\Projets\GPOE26\GPOE26.Web\bin\Debug\net10.0\Microsoft.Extensions.Http.Resilience.dll' because it is being used by another process. Le fichier est verrouill├® par┬á: "GPOE26.Web (37064)" [C:\Users\Libert\Documents\Visual Studio 18\Projets\GPOE26\GPOE26.Web\GPOE26.Web.csproj]
C:\Program Files\dotnet\sdk\10.0.200-preview.0.26103.119\Microsoft.Common.CurrentVersion.targets(5094,5): warning MSB3026: Impossible de copier "C:\Users\Libert\.nuget\packages\microsoft.extensions.telemetry\10.4.0\lib\net10.0\Microsoft.Extensions.Telemetry.dll" vers "bin\Debug\net10.0\Microsoft.Extensions.Telemetry.dll". Nouvelle tentative de l'op├®ration 1 dans 1000┬áms. The process cannot access the file 'C:\Users\Libert\Documents\Visual Studio 18\Projets\GPOE26\GPOE26.Web\bin\Debug\net10.0\Microsoft.Extensions.Telemetry.dll' because it is being used by another process. Le fichier est verrouill├® par┬á: "GPOE26.Web (37064)" [C:\Users\Libert\Documents\Visual Studio 18\Projets\GPOE26\GPOE26.Web\GPOE26.Web.csproj]
C:\Program Files\dotnet\sdk\10.0.200-preview.0.26103.119\Microsoft.Common.CurrentVersion.targets(5094,5): warning MSB3026: Impossible de copier "C:\Users\Libert\.nuget\packages\microsoft.extensions.http.diagnostics\10.4.0\lib\net10.0\Microsoft.Extensions.Http.Diagnostics.dll" vers "bin\Debug\net10.0\Microsoft.Extensions.Http.Diagnostics.dll". Nouvelle tentative de l'op├®ration 1 dans 1000┬áms. The process cannot access the file 'C:\Users\Libert\Documents\Visual Studio 18\Projets\GPOE26\GPOE26.Web\bin\Debug\net10.0\Microsoft.Extensions.Http.Diagnostics.dll' because it is being used by another process. Le fichier est verrouill├® par┬á: "GPOE26.Web (37064)" [C:\Users\Libert\Documents\Visual Studio 18\Projets\GPOE26\GPOE26.Web\GPOE26.Web.csproj]
C:\Users\Libert\Documents\Visual Studio 18\Projets\GPOE26\Chat\Program.cs(14,28): error CS0246: Le nom de type ou d'espace de noms 'HttpStandardResilienceOptions' est introuvable (vous manque-t-il une directive using ou une r├®f├®rence d'assembly┬á?) [C:\Users\Libert\Documents\Visual Studio 18\Projets\GPOE26\Chat\Chat.csproj]
    9 Avertissement(s)
    1 Erreur(s)

Temps ├®coul├® 00:00:13.34
