  Determining projects to restore...
  All projects are up-to-date for restore.
C:\Program Files\dotnet\sdk\10.0.200-preview.0.26103.119\Sdks\Microsoft.NET.Sdk\targets\Microsoft.NET.RuntimeIdentifierInference.targets(383,5): message NETSDK1057: You are using a preview version of .NET. See: https://aka.ms/dotnet-support-policy [C:\Users\Libert\Documents\Visual Studio 18\Projets\GPOE26\GPOE26.Web\GPOE26.Web.csproj]
  GPOE26.ServiceDefaults -> C:\Users\Libert\Documents\Visual Studio 18\Projets\GPOE26\GPOE26.ServiceDefaults\bin\Debug\net10.0\GPOE26.ServiceDefaults.dll
C:\Users\Libert\Documents\Visual Studio 18\Projets\GPOE26\GPOE26.Web\Components\Pages\Activity\Edit.razor(34,40): error CS0103: The name '_error' does not exist in the current context [C:\Users\Libert\Documents\Visual Studio 18\Projets\GPOE26\GPOE26.Web\GPOE26.Web.csproj]
C:\Users\Libert\Documents\Visual Studio 18\Projets\GPOE26\GPOE26.Web\Components\Pages\Activity\Edit.razor(34,84): error CS0103: The name '_error' does not exist in the current context [C:\Users\Libert\Documents\Visual Studio 18\Projets\GPOE26\GPOE26.Web\GPOE26.Web.csproj]
C:\Users\Libert\Documents\Visual Studio 18\Projets\GPOE26\GPOE26.Web\Components\Pages\Activity\Edit.razor(138,14): error CS0103: The name '_error' does not exist in the current context [C:\Users\Libert\Documents\Visual Studio 18\Projets\GPOE26\GPOE26.Web\GPOE26.Web.csproj]
C:\Users\Libert\Documents\Visual Studio 18\Projets\GPOE26\GPOE26.Web\Components\Pages\Activity\Create.razor(23,36): error CS0103: The name '_error' does not exist in the current context [C:\Users\Libert\Documents\Visual Studio 18\Projets\GPOE26\GPOE26.Web\GPOE26.Web.csproj]
C:\Users\Libert\Documents\Visual Studio 18\Projets\GPOE26\GPOE26.Web\Components\Pages\Activity\Create.razor(23,80): error CS0103: The name '_error' does not exist in the current context [C:\Users\Libert\Documents\Visual Studio 18\Projets\GPOE26\GPOE26.Web\GPOE26.Web.csproj]
C:\Users\Libert\Documents\Visual Studio 18\Projets\GPOE26\GPOE26.Web\Components\Pages\Activity\Create.razor(124,14): error CS0103: The name '_error' does not exist in the current context [C:\Users\Libert\Documents\Visual Studio 18\Projets\GPOE26\GPOE26.Web\GPOE26.Web.csproj]
C:\Users\Libert\Documents\Visual Studio 18\Projets\GPOE26\GPOE26.Web\Components\Pages\Event\Create.razor(24,36): error CS0103: The name '_error' does not exist in the current context [C:\Users\Libert\Documents\Visual Studio 18\Projets\GPOE26\GPOE26.Web\GPOE26.Web.csproj]
C:\Users\Libert\Documents\Visual Studio 18\Projets\GPOE26\GPOE26.Web\Components\Pages\Event\Create.razor(24,80): error CS0103: The name '_error' does not exist in the current context [C:\Users\Libert\Documents\Visual Studio 18\Projets\GPOE26\GPOE26.Web\GPOE26.Web.csproj]
C:\Users\Libert\Documents\Visual Studio 18\Projets\GPOE26\GPOE26.Web\Components\Pages\Hierarchy\Edit.razor(143,13): warning CS8602: Dereference of a possibly null reference. [C:\Users\Libert\Documents\Visual Studio 18\Projets\GPOE26\GPOE26.Web\GPOE26.Web.csproj]
C:\Users\Libert\Documents\Visual Studio 18\Projets\GPOE26\GPOE26.Web\Components\Pages\Event\Edit.razor(35,40): error CS0103: The name '_error' does not exist in the current context [C:\Users\Libert\Documents\Visual Studio 18\Projets\GPOE26\GPOE26.Web\GPOE26.Web.csproj]
C:\Users\Libert\Documents\Visual Studio 18\Projets\GPOE26\GPOE26.Web\Components\Pages\Event\Edit.razor(35,84): error CS0103: The name '_error' does not exist in the current context [C:\Users\Libert\Documents\Visual Studio 18\Projets\GPOE26\GPOE26.Web\GPOE26.Web.csproj]
C:\Users\Libert\Documents\Visual Studio 18\Projets\GPOE26\GPOE26.Web\Components\Pages\Event\Edit.razor(150,25): error CS0103: The name '_error' does not exist in the current context [C:\Users\Libert\Documents\Visual Studio 18\Projets\GPOE26\GPOE26.Web\GPOE26.Web.csproj]
C:\Users\Libert\Documents\Visual Studio 18\Projets\GPOE26\GPOE26.Web\Components\Pages\Event\Edit.razor(154,14): error CS0103: The name '_error' does not exist in the current context [C:\Users\Libert\Documents\Visual Studio 18\Projets\GPOE26\GPOE26.Web\GPOE26.Web.csproj]
C:\Users\Libert\Documents\Visual Studio 18\Projets\GPOE26\GPOE26.Web\Components\Pages\Event\Create.razor(99,18): warning CS0169: The field 'Create._success' is never used [C:\Users\Libert\Documents\Visual Studio 18\Projets\GPOE26\GPOE26.Web\GPOE26.Web.csproj]
C:\Users\Libert\Documents\Visual Studio 18\Projets\GPOE26\GPOE26.Web\Components\Pages\Blog\Edit.razor(113,18): warning CS0414: The field 'Edit._success' is assigned but its value is never used [C:\Users\Libert\Documents\Visual Studio 18\Projets\GPOE26\GPOE26.Web\GPOE26.Web.csproj]
C:\Users\Libert\Documents\Visual Studio 18\Projets\GPOE26\GPOE26.Web\Components\Pages\Blog\Edit.razor(110,20): warning CS0414: The field 'Edit._catOther' is assigned but its value is never used [C:\Users\Libert\Documents\Visual Studio 18\Projets\GPOE26\GPOE26.Web\GPOE26.Web.csproj]
C:\Users\Libert\Documents\Visual Studio 18\Projets\GPOE26\GPOE26.Web\Components\Pages\Event\Edit.razor(108,18): warning CS0414: The field 'Edit._success' is assigned but its value is never used [C:\Users\Libert\Documents\Visual Studio 18\Projets\GPOE26\GPOE26.Web\GPOE26.Web.csproj]
C:\Users\Libert\Documents\Visual Studio 18\Projets\GPOE26\GPOE26.Web\Components\Pages\Activity\Edit.razor(96,18): warning CS0414: The field 'Edit._success' is assigned but its value is never used [C:\Users\Libert\Documents\Visual Studio 18\Projets\GPOE26\GPOE26.Web\GPOE26.Web.csproj]
C:\Users\Libert\Documents\Visual Studio 18\Projets\GPOE26\GPOE26.Web\Components\Pages\Event\Edit.razor(105,20): warning CS0414: The field 'Edit._typeOther' is assigned but its value is never used [C:\Users\Libert\Documents\Visual Studio 18\Projets\GPOE26\GPOE26.Web\GPOE26.Web.csproj]
C:\Users\Libert\Documents\Visual Studio 18\Projets\GPOE26\GPOE26.Web\Components\Pages\Event\Create.razor(97,20): warning CS0414: The field 'Create._typeOther' is assigned but its value is never used [C:\Users\Libert\Documents\Visual Studio 18\Projets\GPOE26\GPOE26.Web\GPOE26.Web.csproj]
C:\Users\Libert\Documents\Visual Studio 18\Projets\GPOE26\GPOE26.Web\Components\Pages\Activity\Create.razor(83,18): warning CS0414: The field 'Create._success' is assigned but its value is never used [C:\Users\Libert\Documents\Visual Studio 18\Projets\GPOE26\GPOE26.Web\GPOE26.Web.csproj]
C:\Users\Libert\Documents\Visual Studio 18\Projets\GPOE26\GPOE26.Web\Components\Pages\Blog\Create.razor(97,20): warning CS0414: The field 'Create._catOther' is assigned but its value is never used [C:\Users\Libert\Documents\Visual Studio 18\Projets\GPOE26\GPOE26.Web\GPOE26.Web.csproj]

Build FAILED.

C:\Users\Libert\Documents\Visual Studio 18\Projets\GPOE26\GPOE26.Web\Components\Pages\Hierarchy\Edit.razor(143,13): warning CS8602: Dereference of a possibly null reference. [C:\Users\Libert\Documents\Visual Studio 18\Projets\GPOE26\GPOE26.Web\GPOE26.Web.csproj]
C:\Users\Libert\Documents\Visual Studio 18\Projets\GPOE26\GPOE26.Web\Components\Pages\Event\Create.razor(99,18): warning CS0169: The field 'Create._success' is never used [C:\Users\Libert\Documents\Visual Studio 18\Projets\GPOE26\GPOE26.Web\GPOE26.Web.csproj]
C:\Users\Libert\Documents\Visual Studio 18\Projets\GPOE26\GPOE26.Web\Components\Pages\Blog\Edit.razor(113,18): warning CS0414: The field 'Edit._success' is assigned but its value is never used [C:\Users\Libert\Documents\Visual Studio 18\Projets\GPOE26\GPOE26.Web\GPOE26.Web.csproj]
C:\Users\Libert\Documents\Visual Studio 18\Projets\GPOE26\GPOE26.Web\Components\Pages\Blog\Edit.razor(110,20): warning CS0414: The field 'Edit._catOther' is assigned but its value is never used [C:\Users\Libert\Documents\Visual Studio 18\Projets\GPOE26\GPOE26.Web\GPOE26.Web.csproj]
C:\Users\Libert\Documents\Visual Studio 18\Projets\GPOE26\GPOE26.Web\Components\Pages\Event\Edit.razor(108,18): warning CS0414: The field 'Edit._success' is assigned but its value is never used [C:\Users\Libert\Documents\Visual Studio 18\Projets\GPOE26\GPOE26.Web\GPOE26.Web.csproj]
C:\Users\Libert\Documents\Visual Studio 18\Projets\GPOE26\GPOE26.Web\Components\Pages\Activity\Edit.razor(96,18): warning CS0414: The field 'Edit._success' is assigned but its value is never used [C:\Users\Libert\Documents\Visual Studio 18\Projets\GPOE26\GPOE26.Web\GPOE26.Web.csproj]
C:\Users\Libert\Documents\Visual Studio 18\Projets\GPOE26\GPOE26.Web\Components\Pages\Event\Edit.razor(105,20): warning CS0414: The field 'Edit._typeOther' is assigned but its value is never used [C:\Users\Libert\Documents\Visual Studio 18\Projets\GPOE26\GPOE26.Web\GPOE26.Web.csproj]
C:\Users\Libert\Documents\Visual Studio 18\Projets\GPOE26\GPOE26.Web\Components\Pages\Event\Create.razor(97,20): warning CS0414: The field 'Create._typeOther' is assigned but its value is never used [C:\Users\Libert\Documents\Visual Studio 18\Projets\GPOE26\GPOE26.Web\GPOE26.Web.csproj]
C:\Users\Libert\Documents\Visual Studio 18\Projets\GPOE26\GPOE26.Web\Components\Pages\Activity\Create.razor(83,18): warning CS0414: The field 'Create._success' is assigned but its value is never used [C:\Users\Libert\Documents\Visual Studio 18\Projets\GPOE26\GPOE26.Web\GPOE26.Web.csproj]
C:\Users\Libert\Documents\Visual Studio 18\Projets\GPOE26\GPOE26.Web\Components\Pages\Blog\Create.razor(97,20): warning CS0414: The field 'Create._catOther' is assigned but its value is never used [C:\Users\Libert\Documents\Visual Studio 18\Projets\GPOE26\GPOE26.Web\GPOE26.Web.csproj]
C:\Users\Libert\Documents\Visual Studio 18\Projets\GPOE26\GPOE26.Web\Components\Pages\Activity\Edit.razor(34,40): error CS0103: The name '_error' does not exist in the current context [C:\Users\Libert\Documents\Visual Studio 18\Projets\GPOE26\GPOE26.Web\GPOE26.Web.csproj]
C:\Users\Libert\Documents\Visual Studio 18\Projets\GPOE26\GPOE26.Web\Components\Pages\Activity\Edit.razor(34,84): error CS0103: The name '_error' does not exist in the current context [C:\Users\Libert\Documents\Visual Studio 18\Projets\GPOE26\GPOE26.Web\GPOE26.Web.csproj]
C:\Users\Libert\Documents\Visual Studio 18\Projets\GPOE26\GPOE26.Web\Components\Pages\Activity\Edit.razor(138,14): error CS0103: The name '_error' does not exist in the current context [C:\Users\Libert\Documents\Visual Studio 18\Projets\GPOE26\GPOE26.Web\GPOE26.Web.csproj]
C:\Users\Libert\Documents\Visual Studio 18\Projets\GPOE26\GPOE26.Web\Components\Pages\Activity\Create.razor(23,36): error CS0103: The name '_error' does not exist in the current context [C:\Users\Libert\Documents\Visual Studio 18\Projets\GPOE26\GPOE26.Web\GPOE26.Web.csproj]
C:\Users\Libert\Documents\Visual Studio 18\Projets\GPOE26\GPOE26.Web\Components\Pages\Activity\Create.razor(23,80): error CS0103: The name '_error' does not exist in the current context [C:\Users\Libert\Documents\Visual Studio 18\Projets\GPOE26\GPOE26.Web\GPOE26.Web.csproj]
C:\Users\Libert\Documents\Visual Studio 18\Projets\GPOE26\GPOE26.Web\Components\Pages\Activity\Create.razor(124,14): error CS0103: The name '_error' does not exist in the current context [C:\Users\Libert\Documents\Visual Studio 18\Projets\GPOE26\GPOE26.Web\GPOE26.Web.csproj]
C:\Users\Libert\Documents\Visual Studio 18\Projets\GPOE26\GPOE26.Web\Components\Pages\Event\Create.razor(24,36): error CS0103: The name '_error' does not exist in the current context [C:\Users\Libert\Documents\Visual Studio 18\Projets\GPOE26\GPOE26.Web\GPOE26.Web.csproj]
C:\Users\Libert\Documents\Visual Studio 18\Projets\GPOE26\GPOE26.Web\Components\Pages\Event\Create.razor(24,80): error CS0103: The name '_error' does not exist in the current context [C:\Users\Libert\Documents\Visual Studio 18\Projets\GPOE26\GPOE26.Web\GPOE26.Web.csproj]
C:\Users\Libert\Documents\Visual Studio 18\Projets\GPOE26\GPOE26.Web\Components\Pages\Event\Edit.razor(35,40): error CS0103: The name '_error' does not exist in the current context [C:\Users\Libert\Documents\Visual Studio 18\Projets\GPOE26\GPOE26.Web\GPOE26.Web.csproj]
C:\Users\Libert\Documents\Visual Studio 18\Projets\GPOE26\GPOE26.Web\Components\Pages\Event\Edit.razor(35,84): error CS0103: The name '_error' does not exist in the current context [C:\Users\Libert\Documents\Visual Studio 18\Projets\GPOE26\GPOE26.Web\GPOE26.Web.csproj]
C:\Users\Libert\Documents\Visual Studio 18\Projets\GPOE26\GPOE26.Web\Components\Pages\Event\Edit.razor(150,25): error CS0103: The name '_error' does not exist in the current context [C:\Users\Libert\Documents\Visual Studio 18\Projets\GPOE26\GPOE26.Web\GPOE26.Web.csproj]
C:\Users\Libert\Documents\Visual Studio 18\Projets\GPOE26\GPOE26.Web\Components\Pages\Event\Edit.razor(154,14): error CS0103: The name '_error' does not exist in the current context [C:\Users\Libert\Documents\Visual Studio 18\Projets\GPOE26\GPOE26.Web\GPOE26.Web.csproj]
    10 Warning(s)
    12 Error(s)

Time Elapsed 00:00:06.83
